+++ OK, passed 1080 tests.

+++ OK, passed 1080 tests.

+++ OK, passed 1080 tests.

+++ OK, passed 1080 tests.

+++ OK, passed 1080 tests.

+++ OK, passed 1080 tests.

+++ OK, passed 1080 tests.

+++ OK, passed 1080 tests.

+++ OK, passed 1080 tests.

+++ OK, passed 1080 tests.

